
> mpiti-portal@0.1.0 build
> next build

node.exe : ΓÜá Warning: Next.js 
inferred your workspace root, but it 
may not be correct.
At line:1 char:1
+ & "C:\Program 
Files\nodejs/node.exe" 
"C:\Users\User\AppData\Roaming\n ...
+ ~~~~~~~~~~~~~~~~~~~~~~~~~~~~~~~~~~~
~~~~~~~~~~~~~~~~~~~~~~~~~~~~~~~~~~
    + CategoryInfo          : NotSpe 
   cified: (ΓÜá Warning: Ne...not b  
  e correct.:String) [], RemoteExc   
 eption
    + FullyQualifiedErrorId : Native 
   CommandError
 
 We detected multiple lockfiles and 
selected the directory of 
C:\Users\User\package-lock.json as 
the root directory.
 To silence this warning, set 
`turbopack.root` in your Next.js 
config, or consider removing one of 
the lockfiles if it's not needed.
   See https://nextjs.org/docs/app/ap
i-reference/config/next-config-js/tur
bopack#root-directory for more 
information.
 Detected additional lockfiles: 
   * C:\Users\User\Downloads\NEW 30 
SEP 2025\project\pnpm-lock.yaml

Γû▓ Next.js 16.2.1-canary.2 (Turbopack)
- Environments: .env

  Creating an optimized production build ...
Γ£ô Compiled successfully in 17.2s
  Running TypeScript ...
Failed to type check.

./src/app/admin/dashboard/fees/page.t
sx:57:24
Type error: Property 'dueDate' does 
not exist on type '{ studentDetails: 
any; id: string; }'.

  [90m55 |[0m       [90m// Sort 
by due date normally[0m
  [90m56 |[0m       
setFees(feesData.sort((a,b) => {
[31m[1m>[0m [90m57 |[0m         
 [36mconst[0m tA = (a.dueDate 
[36mas[0m unknown [36mas[0m 
[33mTimestamp[0m)?.toMillis ? 
(a.dueDate [36mas[0m unknown 
[36m..[0m.
  [90m   |[0m                      
  [31m[1m^[0m
  [90m58 |[0m          
[36mconst[0m tB = (b.dueDate 
[36mas[0m unknown [36mas[0m 
[33mTimestamp[0m)?.toMillis ? 
(b.dueDate [36mas[0m unknown 
[36m..[0m.
  [90m59 |[0m          
[36mreturn[0m tB - tA;
  [90m60 |[0m       }));
Next.js build worker exited with 
code: 1 and signal: null
